[
    "testBase",
    "circular1",
    "circular2"
]
