[
    "extraTestModule",
    "circular1",
    "circular2",
    "duplicate",
    "otherBase",
    "testBase",
    "testComposed",
    "TestInstantiable",
    "testSingleton"
]
